[1m[92m    Updating[0m crates.io index
[1m[92m     Locking[0m 6 packages to latest compatible versions
[1m[92m      Adding[0m adler2 v2.0.1
[1m[92m      Adding[0m crc32fast v1.5.2
[1m[92m      Adding[0m flate2 v1.1.10
[1m[92m      Adding[0m miniz_oxide v0.9.1
[1m[92m      Adding[0m simd-adler32 v0.3.10
[1m[92m      Adding[0m zlib-rs v0.6.8
[1m[92m Downloading[0m crates ...
[1m[92m  Downloaded[0m anstyle-query v1.1.5
[1m[92m  Downloaded[0m crossbeam-utils v0.8.21
[1m[92m  Downloaded[0m is_terminal_polyfill v1.70.2
[1m[92m  Downloaded[0m cfg-if v1.0.4
[1m[92m  Downloaded[0m crossbeam-epoch v0.9.18
[1m[92m  Downloaded[0m adler2 v2.0.1
[1m[92m  Downloaded[0m utf8parse v0.2.2
[1m[92m  Downloaded[0m byteorder v1.5.0
[1m[92m  Downloaded[0m crossbeam-deque v0.8.6
[1m[92m  Downloaded[0m simd-adler32 v0.3.10
[1m[92m  Downloaded[0m anstyle-parse v0.2.7
[1m[92m  Downloaded[0m anstyle v1.0.13
[1m[92m  Downloaded[0m heck v0.5.0
[1m[92m  Downloaded[0m rand_chacha v0.3.1
[1m[92m  Downloaded[0m rustc-hash v2.1.1
[1m[92m  Downloaded[0m strsim v0.11.1
[1m[92m  Downloaded[0m clap_lex v1.0.0
[1m[92m  Downloaded[0m itoa v1.0.17
[1m[92m  Downloaded[0m anstream v0.6.21
[1m[92m  Downloaded[0m colorchoice v1.0.4
[1m[92m  Downloaded[0m quote v1.0.44
[1m[92m  Downloaded[0m getrandom v0.2.17
[1m[92m  Downloaded[0m zmij v1.0.21
[1m[92m  Downloaded[0m clap_derive v4.5.55
[1m[92m  Downloaded[0m crc32fast v1.5.2
[1m[92m  Downloaded[0m either v1.15.0
[1m[92m  Downloaded[0m ppv-lite86 v0.2.21
[1m[92m  Downloaded[0m rand_core v0.6.4
[1m[92m  Downloaded[0m unicode-ident v1.0.24
[1m[92m  Downloaded[0m proc-macro2 v1.0.106
[1m[92m  Downloaded[0m serde_core v1.0.228
[1m[92m  Downloaded[0m miniz_oxide v0.9.1
[1m[92m  Downloaded[0m rayon-core v1.13.0
[1m[92m  Downloaded[0m serde_derive v1.0.228
[1m[92m  Downloaded[0m flate2 v1.1.10
[1m[92m  Downloaded[0m memmap2 v0.9.10
[1m[92m  Downloaded[0m serde v1.0.228
[1m[92m  Downloaded[0m memchr v2.8.0
[1m[92m  Downloaded[0m clap v4.5.60
[1m[92m  Downloaded[0m rand v0.8.5
[1m[92m  Downloaded[0m rayon v1.11.0
[1m[92m  Downloaded[0m serde_json v1.0.149
[1m[92m  Downloaded[0m clap_builder v4.5.60
[1m[92m  Downloaded[0m zlib-rs v0.6.8
[1m[92m  Downloaded[0m syn v2.0.117
[1m[92m  Downloaded[0m zerocopy v0.8.39
[1m[92m  Downloaded[0m libc v0.2.182
[1m[92m   Compiling[0m proc-macro2 v1.0.106
[1m[92m   Compiling[0m unicode-ident v1.0.24
[1m[92m   Compiling[0m quote v1.0.44
[1m[92m   Compiling[0m libc v0.2.182
[1m[92m   Compiling[0m crossbeam-utils v0.8.21
[1m[92m   Compiling[0m cfg-if v1.0.4
[1m[92m   Compiling[0m serde_core v1.0.228
[1m[92m   Compiling[0m zerocopy v0.8.39
[1m[92m   Compiling[0m syn v2.0.117
[1m[92m   Compiling[0m serde v1.0.228
[1m[92m   Compiling[0m utf8parse v0.2.2
[1m[92m   Compiling[0m getrandom v0.2.17
[1m[92m   Compiling[0m anstyle-parse v0.2.7
[1m[92m   Compiling[0m crossbeam-epoch v0.9.18
[1m[92m   Compiling[0m zmij v1.0.21
[1m[92m   Compiling[0m is_terminal_polyfill v1.70.2
[1m[92m   Compiling[0m anstyle v1.0.13
[1m[92m   Compiling[0m anstyle-query v1.1.5
[1m[92m   Compiling[0m rayon-core v1.13.0
[1m[92m   Compiling[0m colorchoice v1.0.4
[1m[92m   Compiling[0m crc32fast v1.5.2
[1m[92m   Compiling[0m anstream v0.6.21
[1m[92m   Compiling[0m crossbeam-deque v0.8.6
[1m[92m   Compiling[0m rand_core v0.6.4
[1m[92m   Compiling[0m heck v0.5.0
[1m[92m   Compiling[0m adler2 v2.0.1
[1m[92m   Compiling[0m serde_json v1.0.149
[1m[92m   Compiling[0m strsim v0.11.1
[1m[92m   Compiling[0m simd-adler32 v0.3.10
[1m[92m   Compiling[0m clap_lex v1.0.0
[1m[92m   Compiling[0m clap_builder v4.5.60
[1m[92m   Compiling[0m miniz_oxide v0.9.1
[1m[92m   Compiling[0m serde_derive v1.0.228
[1m[92m   Compiling[0m ppv-lite86 v0.2.21
[1m[92m   Compiling[0m clap_derive v4.5.55
[1m[92m   Compiling[0m either v1.15.0
[1m[92m   Compiling[0m itoa v1.0.17
[1m[92m   Compiling[0m memchr v2.8.0
[1m[92m   Compiling[0m rayon v1.11.0
[1m[92m   Compiling[0m rand_chacha v0.3.1
[1m[92m   Compiling[0m rand v0.8.5
[1m[92m   Compiling[0m flate2 v1.1.10
[1m[92m   Compiling[0m clap v4.5.60
[1m[92m   Compiling[0m memmap2 v0.9.10
[1m[92m   Compiling[0m rustc-hash v2.1.1
[1m[92m   Compiling[0m byteorder v1.5.0
[1m[92m   Compiling[0m dcfr-solver v0.1.0 (/home/runner/work/poker/poker/solver)
[1m[33mwarning[0m[1m: unused variable: `n`[0m
    [1m[94m--> [0msrc/cfr.rs:2252:17
     [1m[94m|[0m
[1m[94m2252[0m [1m[94m|[0m             let n = cfr_node.n_actions;
     [1m[94m|[0m                 [1m[33m^[0m [1m[33mhelp: if this is intentional, prefix it with an underscore: `_n`[0m
     [1m[94m|[0m
     [1m[94m= [0m[1mnote[0m: `#[warn(unused_variables)]` (part of `#[warn(unused)]`) on by default

[1m[33mwarning[0m[1m: method `sample_board` is never used[0m
   [1m[94m--> [0msrc/preflop.rs:815:8
    [1m[94m|[0m
[1m[94m635[0m [1m[94m|[0m impl PreflopTrainer {
    [1m[94m|[0m [1m[94m-------------------[0m [1m[94mmethod in this implementation[0m
[1m[94m...[0m
[1m[94m815[0m [1m[94m|[0m     fn sample_board(&mut self, dead: Hand) -> Hand {
    [1m[94m|[0m        [1m[33m^^^^^^^^^^^^[0m
    [1m[94m|[0m
    [1m[94m= [0m[1mnote[0m: `#[warn(dead_code)]` (part of `#[warn(unused)]`) on by default

[1m[33mwarning[0m: `dcfr-solver` (lib) generated 2 warnings (run `cargo fix --lib -p dcfr-solver` to apply 1 suggestion)
[1m[33mwarning[0m[1m: variable does not need to be mutable[0m
   [1m[94m--> [0msrc/main.rs:898:17
    [1m[94m|[0m
[1m[94m898[0m [1m[94m|[0m             let mut config2 = SubgameConfig {
    [1m[94m|[0m                 [1m[94m----[0m[1m[33m^^^^^^^[0m
    [1m[94m|[0m                 [1m[94m|[0m
    [1m[94m|[0m                 [1m[94mhelp: remove this `mut`[0m
    [1m[94m|[0m
    [1m[94m= [0m[1mnote[0m: `#[warn(unused_mut)]` (part of `#[warn(unused)]`) on by default

[1m[33mwarning[0m: `dcfr-solver` (bin "dcfr-solver") generated 1 warning (run `cargo fix --bin "dcfr-solver" -p dcfr-solver` to apply 1 suggestion)
[1m[92m    Finished[0m `release` profile [optimized + debuginfo] target(s) in 53.66s
[1m[92m     Running[0m `solver/target/release/dcfr-solver preflop --iterations 95000000 --seed 73 --open-size 5 --sb-open-size 6 --bet3-size 14 --bet4-size 28 --oop-pot-tax 0 --output experiment/final.bin --chart-output experiment/final-chart.json`
  iteration 100000/5000000 (2021722 preflop, 278304204 postflop info sets)
  iteration 200000/5000000 (2022111 preflop, 278576279 postflop info sets)
  iteration 300000/5000000 (2022595 preflop, 278846047 postflop info sets)
  iteration 400000/5000000 (2023050 preflop, 279116912 postflop info sets)
  iteration 500000/5000000 (2023399 preflop, 279386658 postflop info sets)
  iteration 600000/5000000 (2023824 preflop, 279658275 postflop info sets)
  iteration 700000/5000000 (2024305 preflop, 279927495 postflop info sets)
  iteration 800000/5000000 (2024691 preflop, 280200789 postflop info sets)
  iteration 900000/5000000 (2025174 preflop, 280470628 postflop info sets)
  iteration 1000000/5000000 (2025612 preflop, 280741828 postflop info sets)
  iteration 1100000/5000000 (2026015 preflop, 281013173 postflop info sets)
  iteration 1200000/5000000 (2026454 preflop, 281282934 postflop info sets)
  iteration 1300000/5000000 (2026889 preflop, 281553300 postflop info sets)
  iteration 1400000/5000000 (2027318 preflop, 281821289 postflop info sets)
  iteration 1500000/5000000 (2027770 preflop, 282090846 postflop info sets)
  iteration 1600000/5000000 (2028152 preflop, 282362060 postflop info sets)
  iteration 1700000/5000000 (2028570 preflop, 282630978 postflop info sets)
  iteration 1800000/5000000 (2028977 preflop, 282901228 postflop info sets)
  iteration 1900000/5000000 (2029414 preflop, 283174329 postflop info sets)
  iteration 2000000/5000000 (2029797 preflop, 283442249 postflop info sets)
  iteration 2100000/5000000 (2030210 preflop, 283712552 postflop info sets)
  iteration 2200000/5000000 (2030627 preflop, 283981789 postflop info sets)
  iteration 2300000/5000000 (2031036 preflop, 284250080 postflop info sets)
  iteration 2400000/5000000 (2031481 preflop, 284518780 postflop info sets)
  iteration 2500000/5000000 (2031927 preflop, 284787525 postflop info sets)
  iteration 2600000/5000000 (2032349 preflop, 285055794 postflop info sets)
  iteration 2700000/5000000 (2032752 preflop, 285326299 postflop info sets)
  iteration 2800000/5000000 (2033181 preflop, 285594332 postflop info sets)
  iteration 2900000/5000000 (2033612 preflop, 285861478 postflop info sets)
  iteration 3000000/5000000 (2033998 preflop, 286130920 postflop info sets)
  iteration 3100000/5000000 (2034418 preflop, 286399660 postflop info sets)
  iteration 3200000/5000000 (2034807 preflop, 286668936 postflop info sets)
  iteration 3300000/5000000 (2035227 preflop, 286936874 postflop info sets)
  iteration 3400000/5000000 (2035600 preflop, 287203607 postflop info sets)
  iteration 3500000/5000000 (2036020 preflop, 287470746 postflop info sets)
  iteration 3600000/5000000 (2036369 preflop, 287737093 postflop info sets)
  iteration 3700000/5000000 (2036779 preflop, 288001231 postflop info sets)
  iteration 3800000/5000000 (2037150 preflop, 288270075 postflop info sets)
  iteration 3900000/5000000 (2037580 preflop, 288536168 postflop info sets)
  iteration 4000000/5000000 (2037988 preflop, 288803027 postflop info sets)
  iteration 4100000/5000000 (2038396 preflop, 289070777 postflop info sets)
  iteration 4200000/5000000 (2038863 preflop, 289336490 postflop info sets)
  iteration 4300000/5000000 (2039270 preflop, 289602435 postflop info sets)
  iteration 4400000/5000000 (2039670 preflop, 289867870 postflop info sets)
  iteration 4500000/5000000 (2040080 preflop, 290133465 postflop info sets)
  iteration 4600000/5000000 (2040502 preflop, 290398231 postflop info sets)
  iteration 4700000/5000000 (2040890 preflop, 290662865 postflop info sets)
  iteration 4800000/5000000 (2041280 preflop, 290930137 postflop info sets)
  iteration 4900000/5000000 (2041630 preflop, 291197441 postflop info sets)
	Command being timed: "cargo run --release --manifest-path solver/Cargo.toml -- preflop --iterations 95000000 --seed 73 --open-size 5 --sb-open-size 6 --bet3-size 14 --bet4-size 28 --oop-pot-tax 0 --output experiment/final.bin --chart-output experiment/final-chart.json"
	User time (seconds): 1976.28
	System time (seconds): 1969.11
	Percent of CPU this job got: 22%
	Elapsed (wall clock) time (h:mm:ss or m:ss): 4:54:26
	Average shared text size (kbytes): 0
	Average unshared data size (kbytes): 0
	Average stack size (kbytes): 0
	Average total size (kbytes): 0
	Maximum resident set size (kbytes): 15587456
	Average resident set size (kbytes): 0
	Major (requiring I/O) page faults: 132519101
	Minor (reclaiming a frame) page faults: 7677393
	Voluntary context switches: 132533765
	Involuntary context switches: 20332
	Swaps: 0
	File system inputs: 1113830504
	File system outputs: 17121904
	Socket messages sent: 0
	Socket messages received: 0
	Signals delivered: 0
	Page size (bytes): 4096
	Exit status: 0
